// Jest Snapshot v1, https://goo.gl/fbAQLP

exports[`the Message form component should match snapshot test 1`] = `
<div
  className="footer"
>
  <form
    id="chatform"
  >
    <select
      className="form-select"
      onChange={[Function]}
      value="normal"
    >
      <option
        value="normal"
      >
        Normal
      </option>
      <option
        value="urgent"
      >
        Urgent
      </option>
      <option
        value="critical"
      >
        Critical
      </option>
    </select>
    <textarea
      id="message"
      onChange={[Function]}
      placeholder="Please type a message."
      type="text"
      value=""
    />
    <FlatButton
      disabled={false}
      fullWidth={false}
      icon={
        <Icon
          fill="currentColor"
          icon={
            Object {
              "children": Array [
                Object {
                  "attribs": Object {
                    "d": "M1764 11q33 24 27 64l-256 1536q-5 29-32 45-14 8-31 8-11 0-24-5l-453-185-242 295q-18 23-49 23-13 0-22-4-19-7-30.5-23.5t-11.5-36.5v-349l864-1059-1069 925-395-162q-37-14-40-55-2-40 32-59l1664-960q15-9 32-9 20 0 36 11z",
                  },
                  "name": "path",
                },
              ],
              "viewBox": "0 0 1792 1792",
            }
          }
          size={16}
          style={
            Object {
              "color": "#4CAF4F",
            }
          }
        />
      }
      labelPosition="after"
      labelStyle={Object {}}
      onClick={[Function]}
      onKeyboardFocus={[Function]}
      onMouseEnter={[Function]}
      onMouseLeave={[Function]}
      onTouchStart={[Function]}
      primary={false}
      secondary={false}
      style={
        Object {
          "minWidth": 35,
        }
      }
    />
  </form>
</div>
`;
