// Jest Snapshot v1, https://goo.gl/fbAQLP

exports[`the notificaiton component should match snapshot test 1`] = `
<div>
  <Snackbar
    autoHideDuration={4000}
    message="Message added in group "
    onRequestClose={[Function]}
    open={false}
  />
</div>
`;
