// Jest Snapshot v1, https://goo.gl/fbAQLP

exports[`the title bar component should match snapshot test 1`] = `
<div
  className="topnav"
>
  <AppBar
    iconElementRight={<Menu />}
    showMenuIconButton={true}
    title="Post It App"
    zDepth={1}
  />
</div>
`;
